Enter number of vertices: Enter number of edges: Enter edges in the form v-w: 
Graph: nV = 5
Edges:
 0: 0-1
 1: 1-0 1-2
 2: 2-1 2-3
 3: 3-2 3-4
 4: 4-3

Diameter: 4
