Enter number of vertices: Enter number of edges: Enter edges in the form v-w: 
Graph: nV = 5
Edges:
 0: 0-1 0-2 0-3 0-4
 1: 1-0 1-2 1-3 1-4
 2: 2-0 2-1 2-3 2-4
 3: 3-0 3-1 3-2 3-4
 4: 4-0 4-1 4-2 4-3

Diameter: 1
