Enter number of vertices: Enter number of edges: Enter edges in the form v-w: 
Graph: nV = 10
Edges:
 0: 0-9
 1:
 2: 2-9
 3: 3-4 3-6 3-8
 4: 4-3 4-7 4-9
 5:
 6: 6-3 6-8
 7: 7-4
 8: 8-3 8-6
 9: 9-0 9-2 9-4

The crotch is at vertex 9.
